Module(list {
    FunctionDef:oneToN(arguments(list {
        arg:n(null)
    }, null, list, list, null, list), list {
        Assign(list {
            Name:text(Store)
        }, Str:)
        For(Name:index(Store), Call(Name:range(Load), list {
            Num:1
            BinOp(Name:n(Load), Add, Num:1)
        }, list), list {
            @defBlock STR_I {
                Call(Name:str(Load), list {
                    Name:index(Load)
                }, list)
            }
            @or {
                AugAssign(Name:text(Store), Add, @block STR_I)
                Assign(list {
                    Name:text(Store)
                }, BinOp(Name:text(Load), Add, @block STR_I))
            }
        }, list)
        Return(Name:text(Load))
    }, list, null)
})
